2026-07-08 12:56:15,877 CRIT Supervisor is running as root.  Privileges were not dropped because no user is specified in the config file.  If you intend to run as root, you can set user=root in the config file to avoid this message.
2026-07-08 12:56:15,878 INFO Included extra file "/tmp/appsmith/supervisor-conf.d/backend.conf" during parsing
2026-07-08 12:56:15,878 INFO Included extra file "/tmp/appsmith/supervisor-conf.d/editor.conf" during parsing
2026-07-08 12:56:15,879 INFO Included extra file "/tmp/appsmith/supervisor-conf.d/mongodb.conf" during parsing
2026-07-08 12:56:15,879 INFO Included extra file "/tmp/appsmith/supervisor-conf.d/postgres.conf" during parsing
2026-07-08 12:56:15,879 INFO Included extra file "/tmp/appsmith/supervisor-conf.d/redis.conf" during parsing
2026-07-08 12:56:15,880 INFO Included extra file "/tmp/appsmith/supervisor-conf.d/rts.conf" during parsing
2026-07-08 12:56:15,884 INFO RPC interface 'supervisor' initialized
2026-07-08 12:56:15,885 CRIT Server 'unix_http_server' running without any HTTP authentication checking
2026-07-08 12:56:15,885 INFO supervisord started with pid 1
2026-07-08 12:56:16,760 INFO spawned: 'stdout' with pid 1696
2026-07-08 12:56:16,767 INFO spawned: 'redis' with pid 1697
2026-07-08 12:56:16,780 INFO spawned: 'mongodb' with pid 1698
2026-07-08 12:56:16,786 INFO spawned: 'rts' with pid 1699
2026-07-08 12:56:16,792 INFO spawned: 'backend' with pid 1700
2026-07-08 12:56:16,799 INFO spawned: 'editor' with pid 1706
2026-07-08 12:56:16,815 INFO spawned: 'postgres' with pid 1712
2026-07-08 12:56:16,828 INFO success: redis entered RUNNING state, process has stayed up for > than 0 seconds (startsecs)
2026-07-08 12:56:16,829 INFO success: rts entered RUNNING state, process has stayed up for > than 0 seconds (startsecs)
2026-07-08 12:56:16,830 INFO success: editor entered RUNNING state, process has stayed up for > than 0 seconds (startsecs)
2026-07-08 12:56:17,294 INFO reaped unknown pid 76 (exit status 0)
2026-07-08 12:56:17,898 INFO success: stdout entered RUNNING state, process has stayed up for > than 1 seconds (startsecs)
2026-07-08 12:56:17,899 INFO success: postgres entered RUNNING state, process has stayed up for > than 1 seconds (startsecs)
2026-07-08 12:56:26,951 INFO success: mongodb entered RUNNING state, process has stayed up for > than 10 seconds (startsecs)
2026-07-08 12:56:29,720 INFO reaped unknown pid 106 (exit status 0)
2026-07-08 12:56:37,059 INFO success: backend entered RUNNING state, process has stayed up for > than 20 seconds (startsecs)
2026-07-08 16:15:46,941 WARN received SIGTERM indicating exit request
2026-07-08 16:15:46,954 INFO waiting for stdout, redis, mongodb, rts, backend, editor, postgres to die
2026-07-08 16:15:48,292 INFO stopped: postgres (exit status 0)
2026-07-08 16:15:48,353 WARN stopped: editor (exit status 2)
2026-07-08 16:15:50,320 INFO waiting for stdout, redis, mongodb, rts, backend to die
2026-07-08 16:15:53,561 INFO waiting for stdout, redis, mongodb, rts, backend to die
2026-07-08 16:15:54,563 WARN stopped: backend (exit status 143)
2026-07-08 16:15:54,564 INFO reaped unknown pid 1798 (exit status 0)
2026-07-08 16:15:54,726 WARN stopped: rts (terminated by SIGTERM)
2026-07-08 16:15:55,131 INFO stopped: mongodb (exit status 0)
2026-07-08 16:15:55,236 INFO stopped: redis (exit status 0)
2026-07-08 16:15:55,241 WARN stopped: stdout (terminated by SIGTERM)
