2026-07-08 12:32:27,736 CRIT Supervisor is running as root.  Privileges were not dropped because no user is specified in the config file.  If you intend to run as root, you can set user=root in the config file to avoid this message.
2026-07-08 12:32:27,736 INFO Included extra file "/tmp/appsmith/supervisor-conf.d/backend.conf" during parsing
2026-07-08 12:32:27,737 INFO Included extra file "/tmp/appsmith/supervisor-conf.d/editor.conf" during parsing
2026-07-08 12:32:27,737 INFO Included extra file "/tmp/appsmith/supervisor-conf.d/mongodb.conf" during parsing
2026-07-08 12:32:27,738 INFO Included extra file "/tmp/appsmith/supervisor-conf.d/postgres.conf" during parsing
2026-07-08 12:32:27,738 INFO Included extra file "/tmp/appsmith/supervisor-conf.d/redis.conf" during parsing
2026-07-08 12:32:27,739 INFO Included extra file "/tmp/appsmith/supervisor-conf.d/rts.conf" during parsing
2026-07-08 12:32:27,746 INFO RPC interface 'supervisor' initialized
2026-07-08 12:32:27,747 CRIT Server 'unix_http_server' running without any HTTP authentication checking
2026-07-08 12:32:27,748 INFO supervisord started with pid 1
2026-07-08 12:32:28,734 INFO spawned: 'stdout' with pid 1696
2026-07-08 12:32:28,740 INFO spawned: 'redis' with pid 1697
2026-07-08 12:32:28,747 INFO spawned: 'mongodb' with pid 1698
2026-07-08 12:32:28,754 INFO spawned: 'rts' with pid 1699
2026-07-08 12:32:28,761 INFO spawned: 'backend' with pid 1700
2026-07-08 12:32:28,775 INFO spawned: 'editor' with pid 1708
2026-07-08 12:32:28,787 INFO spawned: 'postgres' with pid 1711
2026-07-08 12:32:28,800 INFO success: redis entered RUNNING state, process has stayed up for > than 0 seconds (startsecs)
2026-07-08 12:32:28,801 INFO success: rts entered RUNNING state, process has stayed up for > than 0 seconds (startsecs)
2026-07-08 12:32:28,802 INFO success: editor entered RUNNING state, process has stayed up for > than 0 seconds (startsecs)
2026-07-08 12:32:29,369 INFO reaped unknown pid 76 (exit status 0)
2026-07-08 12:32:29,898 INFO success: stdout entered RUNNING state, process has stayed up for > than 1 seconds (startsecs)
2026-07-08 12:32:29,899 INFO success: postgres entered RUNNING state, process has stayed up for > than 1 seconds (startsecs)
2026-07-08 12:32:39,282 INFO success: mongodb entered RUNNING state, process has stayed up for > than 10 seconds (startsecs)
2026-07-08 12:32:42,453 INFO reaped unknown pid 106 (exit status 0)
2026-07-08 12:32:49,210 INFO success: backend entered RUNNING state, process has stayed up for > than 20 seconds (startsecs)
