APPSMITH_GIT_ROOT: /appsmith-stacks/git-storage
{"level":"info","ts":1783511559.309553,"msg":"using config from file","file":"/tmp/appsmith/Caddyfile"}
{"level":"info","ts":1783511559.3141189,"msg":"adapted config to JSON","adapter":"caddyfile"}
{"level":"info","ts":1783511559.383567,"msg":"maxprocs: Leaving GOMAXPROCS=8: CPU quota undefined"}
{"level":"info","ts":1783511559.383594,"msg":"GOMEMLIMIT is updated","GOMEMLIMIT":7492471603,"previous":9223372036854775807}
{"level":"info","ts":1783511559.383599,"msg":"using config from file","file":"/tmp/appsmith/Caddyfile"}
{"level":"info","ts":1783511559.3836021,"msg":"adapted config to JSON","adapter":"caddyfile"}
{"level":"info","ts":1783511559.384299,"logger":"admin","msg":"admin endpoint started","address":"unix//tmp/appsmith/caddy.sock","enforce_origin":false,"origins":[]}
{"level":"warn","ts":1783511559.3843195,"logger":"admin","msg":"admin endpoint on open interface; host checking disabled","address":"unix//tmp/appsmith/caddy.sock"}
{"level":"info","ts":1783511559.385536,"logger":"tls.cache.maintenance","msg":"started background certificate maintenance","cache":"0x75b40797200"}
{"level":"warn","ts":1783511559.3981433,"logger":"http.auto_https","msg":"server is listening only on the HTTP port, so no automatic HTTPS will be applied to this server","server_name":"srv1","http_port":80}
{"level":"warn","ts":1783511559.4136553,"logger":"http","msg":"HTTP/2 skipped because it requires TLS","network":"tcp","addr":":2019"}
{"level":"warn","ts":1783511559.4136906,"logger":"http","msg":"HTTP/3 skipped because it requires TLS","network":"tcp","addr":":2019"}
{"level":"info","ts":1783511559.4136965,"logger":"http.log","msg":"server running","name":"srv0","protocols":["h1","h2","h3"]}
{"level":"warn","ts":1783511559.4137673,"logger":"http","msg":"HTTP/2 skipped because it requires TLS","network":"tcp","addr":":80"}
{"level":"warn","ts":1783511559.4137726,"logger":"http","msg":"HTTP/3 skipped because it requires TLS","network":"tcp","addr":":80"}
{"level":"info","ts":1783511559.4137757,"logger":"http.log","msg":"server running","name":"srv1","protocols":["h1","h2","h3"]}
{"level":"info","ts":1783511559.4138253,"msg":"serving initial configuration"}
{"level":"info","ts":1783511559.4238114,"logger":"tls","msg":"storage cleaning happened too recently; skipping for now","storage":"FileStorage:/appsmith-stacks/data/caddy","instance":"883418ab-ed03-4d0b-afa9-b314b5da23a0","try_again":1783597959.423808,"try_again_in":86399.999999331}
{"level":"info","ts":1783511559.4243972,"logger":"tls","msg":"finished cleaning storage units"}
