2026-07-08 11:52:37,899 CRIT Supervisor is running as root.  Privileges were not dropped because no user is specified in the config file.  If you intend to run as root, you can set user=root in the config file to avoid this message.
2026-07-08 11:52:37,900 INFO Included extra file "/tmp/appsmith/supervisor-conf.d/backend.conf" during parsing
2026-07-08 11:52:37,900 INFO Included extra file "/tmp/appsmith/supervisor-conf.d/editor.conf" during parsing
2026-07-08 11:52:37,900 INFO Included extra file "/tmp/appsmith/supervisor-conf.d/mongodb.conf" during parsing
2026-07-08 11:52:37,901 INFO Included extra file "/tmp/appsmith/supervisor-conf.d/postgres.conf" during parsing
2026-07-08 11:52:37,905 INFO Included extra file "/tmp/appsmith/supervisor-conf.d/redis.conf" during parsing
2026-07-08 11:52:37,905 INFO Included extra file "/tmp/appsmith/supervisor-conf.d/rts.conf" during parsing
2026-07-08 11:52:37,912 INFO RPC interface 'supervisor' initialized
2026-07-08 11:52:37,912 CRIT Server 'unix_http_server' running without any HTTP authentication checking
2026-07-08 11:52:37,913 INFO supervisord started with pid 1
2026-07-08 11:52:38,917 INFO spawned: 'stdout' with pid 1972
2026-07-08 11:52:38,923 INFO spawned: 'redis' with pid 1973
2026-07-08 11:52:38,933 INFO spawned: 'mongodb' with pid 1974
2026-07-08 11:52:38,942 INFO spawned: 'rts' with pid 1977
2026-07-08 11:52:38,952 INFO spawned: 'backend' with pid 1981
2026-07-08 11:52:38,965 INFO spawned: 'editor' with pid 1984
2026-07-08 11:52:38,979 INFO spawned: 'postgres' with pid 1990
2026-07-08 11:52:38,986 INFO success: redis entered RUNNING state, process has stayed up for > than 0 seconds (startsecs)
2026-07-08 11:52:38,986 INFO success: rts entered RUNNING state, process has stayed up for > than 0 seconds (startsecs)
2026-07-08 11:52:38,986 INFO success: editor entered RUNNING state, process has stayed up for > than 0 seconds (startsecs)
2026-07-08 11:52:39,384 INFO reaped unknown pid 90 (exit status 0)
2026-07-08 11:52:40,047 INFO success: stdout entered RUNNING state, process has stayed up for > than 1 seconds (startsecs)
2026-07-08 11:52:40,047 INFO success: postgres entered RUNNING state, process has stayed up for > than 1 seconds (startsecs)
2026-07-08 11:52:49,367 INFO success: mongodb entered RUNNING state, process has stayed up for > than 10 seconds (startsecs)
2026-07-08 11:52:52,116 INFO reaped unknown pid 120 (exit status 0)
2026-07-08 11:52:59,855 INFO success: backend entered RUNNING state, process has stayed up for > than 20 seconds (startsecs)
