1697:C 08 Jul 2026 12:56:16.791 * oO0OoO0OoO0Oo Redis is starting oO0OoO0OoO0Oo
1697:C 08 Jul 2026 12:56:16.791 * Redis version=7.4.8, bits=64, commit=00000000, modified=0, pid=1697, just started
1697:C 08 Jul 2026 12:56:16.791 * Configuration loaded
1697:M 08 Jul 2026 12:56:16.792 * monotonic clock: POSIX clock_gettime
1697:M 08 Jul 2026 12:56:16.793 * Running mode=standalone, port=6379.
1697:M 08 Jul 2026 12:56:16.793 * Server initialized
1697:M 08 Jul 2026 12:56:16.796 * Loading RDB produced by version 7.4.8
1697:M 08 Jul 2026 12:56:16.796 * RDB age 179 seconds
1697:M 08 Jul 2026 12:56:16.796 * RDB memory usage when created 1.17 Mb
1697:M 08 Jul 2026 12:56:16.796 * Done loading RDB, keys loaded: 11, keys expired: 0.
1697:M 08 Jul 2026 12:56:16.799 * DB loaded from disk: 0.005 seconds
1697:M 08 Jul 2026 12:56:16.799 * Ready to accept connections tcp
1697:M 08 Jul 2026 12:56:56.064 * 1 changes in 15 seconds. Saving...
1697:M 08 Jul 2026 12:56:56.065 * Background saving started by pid 2089
2089:C 08 Jul 2026 12:56:56.076 * DB saved on disk
2089:C 08 Jul 2026 12:56:56.077 * Fork CoW for RDB: current 0 MB, peak 0 MB, average 0 MB
1697:M 08 Jul 2026 12:56:56.166 * Background saving terminated with success
1697:M 08 Jul 2026 12:57:12.078 * 1 changes in 15 seconds. Saving...
1697:M 08 Jul 2026 12:57:12.079 * Background saving started by pid 2141
2141:C 08 Jul 2026 12:57:12.090 * DB saved on disk
2141:C 08 Jul 2026 12:57:12.091 * Fork CoW for RDB: current 0 MB, peak 0 MB, average 0 MB
1697:M 08 Jul 2026 12:57:12.180 * Background saving terminated with success
1697:M 08 Jul 2026 12:57:28.073 * 1 changes in 15 seconds. Saving...
1697:M 08 Jul 2026 12:57:28.073 * Background saving started by pid 2162
2162:C 08 Jul 2026 12:57:28.080 * DB saved on disk
2162:C 08 Jul 2026 12:57:28.081 * Fork CoW for RDB: current 0 MB, peak 0 MB, average 0 MB
1697:M 08 Jul 2026 12:57:28.175 * Background saving terminated with success
1697:M 08 Jul 2026 12:57:44.061 * 1 changes in 15 seconds. Saving...
1697:M 08 Jul 2026 12:57:44.062 * Background saving started by pid 2172
2172:C 08 Jul 2026 12:57:44.072 * DB saved on disk
2172:C 08 Jul 2026 12:57:44.072 * Fork CoW for RDB: current 0 MB, peak 0 MB, average 0 MB
1697:M 08 Jul 2026 12:57:44.163 * Background saving terminated with success
1697:M 08 Jul 2026 14:33:39.383 * 1 changes in 15 seconds. Saving...
1697:M 08 Jul 2026 14:33:39.406 * Background saving started by pid 4300
4300:C 08 Jul 2026 14:33:39.447 * DB saved on disk
4300:C 08 Jul 2026 14:33:39.448 * Fork CoW for RDB: current 0 MB, peak 0 MB, average 0 MB
1697:M 08 Jul 2026 14:33:39.507 * Background saving terminated with success
1697:M 08 Jul 2026 14:33:55.006 * 1 changes in 15 seconds. Saving...
1697:M 08 Jul 2026 14:33:55.006 * Background saving started by pid 4314
4314:C 08 Jul 2026 14:33:55.014 * DB saved on disk
4314:C 08 Jul 2026 14:33:55.015 * Fork CoW for RDB: current 0 MB, peak 0 MB, average 0 MB
1697:M 08 Jul 2026 14:33:55.108 * Background saving terminated with success
1697:M 08 Jul 2026 15:33:39.217 * 1 changes in 15 seconds. Saving...
1697:M 08 Jul 2026 15:33:39.221 * Background saving started by pid 6463
6463:C 08 Jul 2026 15:33:39.231 * DB saved on disk
6463:C 08 Jul 2026 15:33:39.232 * Fork CoW for RDB: current 0 MB, peak 0 MB, average 0 MB
1697:M 08 Jul 2026 15:33:39.323 * Background saving terminated with success
1697:signal-handler (1783527355) Received SIGTERM scheduling shutdown...
1697:M 08 Jul 2026 16:15:55.190 * User requested shutdown...
1697:M 08 Jul 2026 16:15:55.191 * Saving the final RDB snapshot before exiting.
1697:M 08 Jul 2026 16:15:55.214 * DB saved on disk
1697:M 08 Jul 2026 16:15:55.215 # Redis is now ready to exit, bye bye...
