1697:C 08 Jul 2026 12:32:28.760 * oO0OoO0OoO0Oo Redis is starting oO0OoO0OoO0Oo
1697:C 08 Jul 2026 12:32:28.760 * Redis version=7.4.8, bits=64, commit=00000000, modified=0, pid=1697, just started
1697:C 08 Jul 2026 12:32:28.760 * Configuration loaded
1697:M 08 Jul 2026 12:32:28.760 * monotonic clock: POSIX clock_gettime
1697:M 08 Jul 2026 12:32:28.762 * Running mode=standalone, port=6379.
1697:M 08 Jul 2026 12:32:28.763 * Server initialized
1697:M 08 Jul 2026 12:32:28.769 * Loading RDB produced by version 7.4.8
1697:M 08 Jul 2026 12:32:28.769 * RDB age 257 seconds
1697:M 08 Jul 2026 12:32:28.769 * RDB memory usage when created 1.31 Mb
1697:M 08 Jul 2026 12:32:28.770 * Done loading RDB, keys loaded: 11, keys expired: 0.
1697:M 08 Jul 2026 12:32:28.773 * DB loaded from disk: 0.008 seconds
1697:M 08 Jul 2026 12:32:28.773 * Ready to accept connections tcp
1697:M 08 Jul 2026 12:33:10.999 * 1 changes in 15 seconds. Saving...
1697:M 08 Jul 2026 12:33:11.000 * Background saving started by pid 2104
2104:C 08 Jul 2026 12:33:11.016 * DB saved on disk
2104:C 08 Jul 2026 12:33:11.017 * Fork CoW for RDB: current 0 MB, peak 0 MB, average 0 MB
1697:M 08 Jul 2026 12:33:11.102 * Background saving terminated with success
1697:M 08 Jul 2026 12:33:27.074 * 1 changes in 15 seconds. Saving...
1697:M 08 Jul 2026 12:33:27.075 * Background saving started by pid 2115
2115:C 08 Jul 2026 12:33:27.082 * DB saved on disk
2115:C 08 Jul 2026 12:33:27.082 * Fork CoW for RDB: current 0 MB, peak 0 MB, average 0 MB
1697:M 08 Jul 2026 12:33:27.176 * Background saving terminated with success
1697:M 08 Jul 2026 12:33:43.046 * 1 changes in 15 seconds. Saving...
1697:M 08 Jul 2026 12:33:43.047 * Background saving started by pid 2163
2163:C 08 Jul 2026 12:33:43.052 * DB saved on disk
2163:C 08 Jul 2026 12:33:43.053 * Fork CoW for RDB: current 0 MB, peak 0 MB, average 0 MB
1697:M 08 Jul 2026 12:33:43.148 * Background saving terminated with success
1697:M 08 Jul 2026 12:34:09.028 * 1 changes in 15 seconds. Saving...
1697:M 08 Jul 2026 12:34:09.029 * Background saving started by pid 2174
2174:C 08 Jul 2026 12:34:09.034 * DB saved on disk
2174:C 08 Jul 2026 12:34:09.035 * Fork CoW for RDB: current 0 MB, peak 0 MB, average 0 MB
1697:M 08 Jul 2026 12:34:09.130 * Background saving terminated with success
1697:M 08 Jul 2026 12:34:25.021 * 1 changes in 15 seconds. Saving...
1697:M 08 Jul 2026 12:34:25.021 * Background saving started by pid 2186
2186:C 08 Jul 2026 12:34:25.027 * DB saved on disk
2186:C 08 Jul 2026 12:34:25.027 * Fork CoW for RDB: current 0 MB, peak 0 MB, average 0 MB
1697:M 08 Jul 2026 12:34:25.123 * Background saving terminated with success
1697:M 08 Jul 2026 12:39:41.271 * 1 changes in 15 seconds. Saving...
1697:M 08 Jul 2026 12:39:41.273 * Background saving started by pid 2383
2383:C 08 Jul 2026 12:39:41.301 * DB saved on disk
2383:C 08 Jul 2026 12:39:41.302 * Fork CoW for RDB: current 0 MB, peak 0 MB, average 0 MB
1697:M 08 Jul 2026 12:39:41.374 * Background saving terminated with success
1697:M 08 Jul 2026 12:39:57.034 * 1 changes in 15 seconds. Saving...
1697:M 08 Jul 2026 12:39:57.035 * Background saving started by pid 2407
2407:C 08 Jul 2026 12:39:57.042 * DB saved on disk
2407:C 08 Jul 2026 12:39:57.042 * Fork CoW for RDB: current 0 MB, peak 0 MB, average 0 MB
1697:M 08 Jul 2026 12:39:57.136 * Background saving terminated with success
1697:M 08 Jul 2026 12:40:50.410 * 1 changes in 15 seconds. Saving...
1697:M 08 Jul 2026 12:40:50.411 * Background saving started by pid 2448
2448:C 08 Jul 2026 12:40:50.422 * DB saved on disk
2448:C 08 Jul 2026 12:40:50.423 * Fork CoW for RDB: current 0 MB, peak 0 MB, average 0 MB
1697:M 08 Jul 2026 12:40:50.513 * Background saving terminated with success
1697:M 08 Jul 2026 12:43:20.663 * 1 changes in 15 seconds. Saving...
1697:M 08 Jul 2026 12:43:20.664 * Background saving started by pid 2539
2539:C 08 Jul 2026 12:43:20.671 * DB saved on disk
2539:C 08 Jul 2026 12:43:20.672 * Fork CoW for RDB: current 0 MB, peak 0 MB, average 0 MB
1697:M 08 Jul 2026 12:43:20.766 * Background saving terminated with success
1697:M 08 Jul 2026 12:44:16.406 * 1 changes in 15 seconds. Saving...
1697:M 08 Jul 2026 12:44:16.406 * Background saving started by pid 2583
2583:C 08 Jul 2026 12:44:16.414 * DB saved on disk
2583:C 08 Jul 2026 12:44:16.414 * Fork CoW for RDB: current 0 MB, peak 0 MB, average 0 MB
1697:M 08 Jul 2026 12:44:16.508 * Background saving terminated with success
1697:M 08 Jul 2026 12:44:43.411 * 1 changes in 15 seconds. Saving...
1697:M 08 Jul 2026 12:44:43.412 * Background saving started by pid 2603
2603:C 08 Jul 2026 12:44:43.420 * DB saved on disk
2603:C 08 Jul 2026 12:44:43.420 * Fork CoW for RDB: current 0 MB, peak 0 MB, average 0 MB
1697:M 08 Jul 2026 12:44:43.513 * Background saving terminated with success
1697:M 08 Jul 2026 12:44:59.034 * 1 changes in 15 seconds. Saving...
1697:M 08 Jul 2026 12:44:59.035 * Background saving started by pid 2616
2616:C 08 Jul 2026 12:44:59.045 * DB saved on disk
2616:C 08 Jul 2026 12:44:59.046 * Fork CoW for RDB: current 0 MB, peak 0 MB, average 0 MB
1697:M 08 Jul 2026 12:44:59.137 * Background saving terminated with success
1697:M 08 Jul 2026 12:48:03.966 * 1 changes in 15 seconds. Saving...
1697:M 08 Jul 2026 12:48:03.967 * Background saving started by pid 2731
2731:C 08 Jul 2026 12:48:03.978 * DB saved on disk
2731:C 08 Jul 2026 12:48:03.979 * Fork CoW for RDB: current 0 MB, peak 0 MB, average 0 MB
1697:M 08 Jul 2026 12:48:04.069 * Background saving terminated with success
1697:M 08 Jul 2026 12:49:24.138 * 1 changes in 15 seconds. Saving...
1697:M 08 Jul 2026 12:49:24.139 * Background saving started by pid 2783
2783:C 08 Jul 2026 12:49:24.151 * DB saved on disk
2783:C 08 Jul 2026 12:49:24.152 * Fork CoW for RDB: current 0 MB, peak 0 MB, average 0 MB
1697:M 08 Jul 2026 12:49:24.240 * Background saving terminated with success
1697:M 08 Jul 2026 12:53:01.406 * 1 changes in 15 seconds. Saving...
1697:M 08 Jul 2026 12:53:01.407 * Background saving started by pid 2918
2918:C 08 Jul 2026 12:53:01.423 * DB saved on disk
2918:C 08 Jul 2026 12:53:01.424 * Fork CoW for RDB: current 0 MB, peak 0 MB, average 0 MB
1697:M 08 Jul 2026 12:53:01.510 * Background saving terminated with success
1697:M 08 Jul 2026 12:53:17.071 * 1 changes in 15 seconds. Saving...
1697:M 08 Jul 2026 12:53:17.071 * Background saving started by pid 2928
2928:C 08 Jul 2026 12:53:17.077 * DB saved on disk
2928:C 08 Jul 2026 12:53:17.077 * Fork CoW for RDB: current 0 MB, peak 0 MB, average 0 MB
1697:M 08 Jul 2026 12:53:17.173 * Background saving terminated with success
