1983:C 08 Jul 2026 12:13:24.168 * oO0OoO0OoO0Oo Redis is starting oO0OoO0OoO0Oo
1983:C 08 Jul 2026 12:13:24.168 * Redis version=7.4.8, bits=64, commit=00000000, modified=0, pid=1983, just started
1983:C 08 Jul 2026 12:13:24.168 * Configuration loaded
1983:M 08 Jul 2026 12:13:24.168 * monotonic clock: POSIX clock_gettime
1983:M 08 Jul 2026 12:13:24.169 * Running mode=standalone, port=6379.
1983:M 08 Jul 2026 12:13:24.170 * Server initialized
1983:M 08 Jul 2026 12:13:24.172 * Ready to accept connections tcp
1983:M 08 Jul 2026 12:14:20.128 * 1 changes in 15 seconds. Saving...
1983:M 08 Jul 2026 12:14:20.129 * Background saving started by pid 2428
2428:C 08 Jul 2026 12:14:20.139 * DB saved on disk
2428:C 08 Jul 2026 12:14:20.140 * Fork CoW for RDB: current 0 MB, peak 0 MB, average 0 MB
1983:M 08 Jul 2026 12:14:20.232 * Background saving terminated with success
1983:M 08 Jul 2026 12:14:36.027 * 1 changes in 15 seconds. Saving...
1983:M 08 Jul 2026 12:14:36.028 * Background saving started by pid 2454
2454:C 08 Jul 2026 12:14:36.034 * DB saved on disk
2454:C 08 Jul 2026 12:14:36.034 * Fork CoW for RDB: current 0 MB, peak 0 MB, average 0 MB
1983:M 08 Jul 2026 12:14:36.129 * Background saving terminated with success
1983:M 08 Jul 2026 12:15:00.386 * 1 changes in 15 seconds. Saving...
1983:M 08 Jul 2026 12:15:00.386 * Background saving started by pid 2465
2465:C 08 Jul 2026 12:15:00.394 * DB saved on disk
2465:C 08 Jul 2026 12:15:00.395 * Fork CoW for RDB: current 0 MB, peak 0 MB, average 0 MB
1983:M 08 Jul 2026 12:15:00.488 * Background saving terminated with success
1983:M 08 Jul 2026 12:15:16.099 * 1 changes in 15 seconds. Saving...
1983:M 08 Jul 2026 12:15:16.099 * Background saving started by pid 2494
2494:C 08 Jul 2026 12:15:16.105 * DB saved on disk
2494:C 08 Jul 2026 12:15:16.106 * Fork CoW for RDB: current 0 MB, peak 0 MB, average 0 MB
1983:M 08 Jul 2026 12:15:16.201 * Background saving terminated with success
1983:M 08 Jul 2026 12:16:17.268 * 1 changes in 15 seconds. Saving...
1983:M 08 Jul 2026 12:16:17.269 * Background saving started by pid 2533
2533:C 08 Jul 2026 12:16:17.276 * DB saved on disk
2533:C 08 Jul 2026 12:16:17.276 * Fork CoW for RDB: current 0 MB, peak 0 MB, average 0 MB
1983:M 08 Jul 2026 12:16:17.370 * Background saving terminated with success
1983:M 08 Jul 2026 12:16:33.091 * 1 changes in 15 seconds. Saving...
1983:M 08 Jul 2026 12:16:33.092 * Background saving started by pid 2557
2557:C 08 Jul 2026 12:16:33.098 * DB saved on disk
2557:C 08 Jul 2026 12:16:33.099 * Fork CoW for RDB: current 0 MB, peak 0 MB, average 0 MB
1983:M 08 Jul 2026 12:16:33.193 * Background saving terminated with success
1983:M 08 Jul 2026 12:17:57.298 * 1 changes in 15 seconds. Saving...
1983:M 08 Jul 2026 12:17:57.299 * Background saving started by pid 2614
2614:C 08 Jul 2026 12:17:57.311 * DB saved on disk
2614:C 08 Jul 2026 12:17:57.312 * Fork CoW for RDB: current 0 MB, peak 0 MB, average 0 MB
1983:M 08 Jul 2026 12:17:57.401 * Background saving terminated with success
1983:M 08 Jul 2026 12:18:13.016 * 1 changes in 15 seconds. Saving...
1983:M 08 Jul 2026 12:18:13.016 * Background saving started by pid 2624
2624:C 08 Jul 2026 12:18:13.022 * DB saved on disk
2624:C 08 Jul 2026 12:18:13.022 * Fork CoW for RDB: current 0 MB, peak 0 MB, average 0 MB
1983:M 08 Jul 2026 12:18:13.118 * Background saving terminated with success
1983:M 08 Jul 2026 12:18:29.100 * 1 changes in 15 seconds. Saving...
1983:M 08 Jul 2026 12:18:29.100 * Background saving started by pid 2639
2639:C 08 Jul 2026 12:18:29.107 * DB saved on disk
2639:C 08 Jul 2026 12:18:29.107 * Fork CoW for RDB: current 0 MB, peak 0 MB, average 0 MB
1983:M 08 Jul 2026 12:18:29.202 * Background saving terminated with success
1983:M 08 Jul 2026 12:20:46.687 * 1 changes in 15 seconds. Saving...
1983:M 08 Jul 2026 12:20:46.687 * Background saving started by pid 2723
2723:C 08 Jul 2026 12:20:46.694 * DB saved on disk
2723:C 08 Jul 2026 12:20:46.694 * Fork CoW for RDB: current 0 MB, peak 0 MB, average 0 MB
1983:M 08 Jul 2026 12:20:46.800 * Background saving terminated with success
1983:M 08 Jul 2026 12:21:02.094 * 1 changes in 15 seconds. Saving...
1983:M 08 Jul 2026 12:21:02.094 * Background saving started by pid 2739
2739:C 08 Jul 2026 12:21:02.101 * DB saved on disk
2739:C 08 Jul 2026 12:21:02.102 * Fork CoW for RDB: current 0 MB, peak 0 MB, average 0 MB
1983:M 08 Jul 2026 12:21:02.196 * Background saving terminated with success
1983:M 08 Jul 2026 12:21:18.084 * 1 changes in 15 seconds. Saving...
1983:M 08 Jul 2026 12:21:18.084 * Background saving started by pid 2750
2750:C 08 Jul 2026 12:21:18.091 * DB saved on disk
2750:C 08 Jul 2026 12:21:18.092 * Fork CoW for RDB: current 0 MB, peak 0 MB, average 0 MB
1983:M 08 Jul 2026 12:21:18.186 * Background saving terminated with success
1983:M 08 Jul 2026 12:22:04.243 * 1 changes in 15 seconds. Saving...
1983:M 08 Jul 2026 12:22:04.244 * Background saving started by pid 2779
2779:C 08 Jul 2026 12:22:04.252 * DB saved on disk
2779:C 08 Jul 2026 12:22:04.253 * Fork CoW for RDB: current 0 MB, peak 0 MB, average 0 MB
1983:M 08 Jul 2026 12:22:04.345 * Background saving terminated with success
1983:M 08 Jul 2026 12:22:27.517 * 1 changes in 15 seconds. Saving...
1983:M 08 Jul 2026 12:22:27.518 * Background saving started by pid 2801
2801:C 08 Jul 2026 12:22:27.526 * DB saved on disk
2801:C 08 Jul 2026 12:22:27.526 * Fork CoW for RDB: current 0 MB, peak 0 MB, average 0 MB
1983:M 08 Jul 2026 12:22:27.619 * Background saving terminated with success
1983:M 08 Jul 2026 12:22:43.036 * 1 changes in 15 seconds. Saving...
1983:M 08 Jul 2026 12:22:43.037 * Background saving started by pid 2813
2813:C 08 Jul 2026 12:22:43.045 * DB saved on disk
2813:C 08 Jul 2026 12:22:43.045 * Fork CoW for RDB: current 0 MB, peak 0 MB, average 0 MB
1983:M 08 Jul 2026 12:22:43.138 * Background saving terminated with success
1983:M 08 Jul 2026 12:22:59.065 * 1 changes in 15 seconds. Saving...
1983:M 08 Jul 2026 12:22:59.066 * Background saving started by pid 2824
2824:C 08 Jul 2026 12:22:59.071 * DB saved on disk
2824:C 08 Jul 2026 12:22:59.072 * Fork CoW for RDB: current 0 MB, peak 0 MB, average 0 MB
1983:M 08 Jul 2026 12:22:59.167 * Background saving terminated with success
1983:M 08 Jul 2026 12:24:27.419 * 1 changes in 15 seconds. Saving...
1983:M 08 Jul 2026 12:24:27.420 * Background saving started by pid 2872
2872:C 08 Jul 2026 12:24:27.429 * DB saved on disk
2872:C 08 Jul 2026 12:24:27.430 * Fork CoW for RDB: current 0 MB, peak 0 MB, average 0 MB
1983:M 08 Jul 2026 12:24:27.522 * Background saving terminated with success
1983:M 08 Jul 2026 12:24:43.091 * 1 changes in 15 seconds. Saving...
1983:M 08 Jul 2026 12:24:43.092 * Background saving started by pid 2895
2895:C 08 Jul 2026 12:24:43.098 * DB saved on disk
2895:C 08 Jul 2026 12:24:43.098 * Fork CoW for RDB: current 0 MB, peak 0 MB, average 0 MB
1983:M 08 Jul 2026 12:24:43.193 * Background saving terminated with success
1983:M 08 Jul 2026 12:26:33.993 * 1 changes in 15 seconds. Saving...
1983:M 08 Jul 2026 12:26:33.994 * Background saving started by pid 2970
2970:C 08 Jul 2026 12:26:34.003 * DB saved on disk
2970:C 08 Jul 2026 12:26:34.003 * Fork CoW for RDB: current 0 MB, peak 0 MB, average 0 MB
1983:M 08 Jul 2026 12:26:34.097 * Background saving terminated with success
1983:M 08 Jul 2026 12:26:50.098 * 1 changes in 15 seconds. Saving...
1983:M 08 Jul 2026 12:26:50.098 * Background saving started by pid 2981
2981:C 08 Jul 2026 12:26:50.105 * DB saved on disk
2981:C 08 Jul 2026 12:26:50.106 * Fork CoW for RDB: current 0 MB, peak 0 MB, average 0 MB
1983:M 08 Jul 2026 12:26:50.200 * Background saving terminated with success
1983:M 08 Jul 2026 12:27:55.526 * 1 changes in 15 seconds. Saving...
1983:M 08 Jul 2026 12:27:55.526 * Background saving started by pid 3019
3019:C 08 Jul 2026 12:27:55.535 * DB saved on disk
3019:C 08 Jul 2026 12:27:55.535 * Fork CoW for RDB: current 0 MB, peak 0 MB, average 0 MB
1983:M 08 Jul 2026 12:27:55.627 * Background saving terminated with success
1983:M 08 Jul 2026 12:28:11.036 * 1 changes in 15 seconds. Saving...
1983:M 08 Jul 2026 12:28:11.037 * Background saving started by pid 3034
3034:C 08 Jul 2026 12:28:11.044 * DB saved on disk
3034:C 08 Jul 2026 12:28:11.044 * Fork CoW for RDB: current 0 MB, peak 0 MB, average 0 MB
1983:M 08 Jul 2026 12:28:11.139 * Background saving terminated with success
