1973:C 08 Jul 2026 11:52:38.939 * oO0OoO0OoO0Oo Redis is starting oO0OoO0OoO0Oo
1973:C 08 Jul 2026 11:52:38.939 * Redis version=7.4.8, bits=64, commit=00000000, modified=0, pid=1973, just started
1973:C 08 Jul 2026 11:52:38.939 * Configuration loaded
1973:M 08 Jul 2026 11:52:38.940 * monotonic clock: POSIX clock_gettime
1973:M 08 Jul 2026 11:52:38.941 * Running mode=standalone, port=6379.
1973:M 08 Jul 2026 11:52:38.941 * Server initialized
1973:M 08 Jul 2026 11:52:38.945 * Ready to accept connections tcp
1973:M 08 Jul 2026 11:53:33.950 * 1 changes in 15 seconds. Saving...
1973:M 08 Jul 2026 11:53:33.951 * Background saving started by pid 2413
2413:C 08 Jul 2026 11:53:33.960 * DB saved on disk
2413:C 08 Jul 2026 11:53:33.960 * Fork CoW for RDB: current 0 MB, peak 0 MB, average 0 MB
1973:M 08 Jul 2026 11:53:34.053 * Background saving terminated with success
1973:M 08 Jul 2026 11:53:50.021 * 1 changes in 15 seconds. Saving...
1973:M 08 Jul 2026 11:53:50.022 * Background saving started by pid 2442
2442:C 08 Jul 2026 11:53:50.031 * DB saved on disk
2442:C 08 Jul 2026 11:53:50.032 * Fork CoW for RDB: current 0 MB, peak 0 MB, average 0 MB
1973:M 08 Jul 2026 11:53:50.124 * Background saving terminated with success
1973:M 08 Jul 2026 11:55:31.055 * 1 changes in 15 seconds. Saving...
1973:M 08 Jul 2026 11:55:31.056 * Background saving started by pid 2502
2502:C 08 Jul 2026 11:55:31.062 * DB saved on disk
2502:C 08 Jul 2026 11:55:31.063 * Fork CoW for RDB: current 0 MB, peak 0 MB, average 0 MB
1973:M 08 Jul 2026 11:55:31.157 * Background saving terminated with success
1973:M 08 Jul 2026 11:56:44.758 * 1 changes in 15 seconds. Saving...
1973:M 08 Jul 2026 11:56:44.759 * Background saving started by pid 2551
2551:C 08 Jul 2026 11:56:44.766 * DB saved on disk
2551:C 08 Jul 2026 11:56:44.767 * Fork CoW for RDB: current 0 MB, peak 0 MB, average 0 MB
1973:M 08 Jul 2026 11:56:44.860 * Background saving terminated with success
1973:M 08 Jul 2026 11:57:00.022 * 1 changes in 15 seconds. Saving...
1973:M 08 Jul 2026 11:57:00.022 * Background saving started by pid 2587
2587:C 08 Jul 2026 11:57:00.031 * DB saved on disk
2587:C 08 Jul 2026 11:57:00.032 * Fork CoW for RDB: current 0 MB, peak 0 MB, average 0 MB
1973:M 08 Jul 2026 11:57:00.124 * Background saving terminated with success
