APPSMITH_GIT_ROOT: /appsmith-stacks/git-storage
{"level":"info","ts":1783515377.1993191,"msg":"using config from file","file":"/tmp/appsmith/Caddyfile"}
{"level":"info","ts":1783515377.2049189,"msg":"adapted config to JSON","adapter":"caddyfile"}
{"level":"info","ts":1783515377.2902253,"msg":"maxprocs: Leaving GOMAXPROCS=8: CPU quota undefined"}
{"level":"info","ts":1783515377.2903004,"msg":"GOMEMLIMIT is updated","GOMEMLIMIT":7492471603,"previous":9223372036854775807}
{"level":"info","ts":1783515377.2903116,"msg":"using config from file","file":"/tmp/appsmith/Caddyfile"}
{"level":"info","ts":1783515377.2903163,"msg":"adapted config to JSON","adapter":"caddyfile"}
{"level":"info","ts":1783515377.2910447,"logger":"admin","msg":"admin endpoint started","address":"unix//tmp/appsmith/caddy.sock","enforce_origin":false,"origins":[]}
{"level":"warn","ts":1783515377.2910657,"logger":"admin","msg":"admin endpoint on open interface; host checking disabled","address":"unix//tmp/appsmith/caddy.sock"}
{"level":"info","ts":1783515377.2918837,"logger":"tls.cache.maintenance","msg":"started background certificate maintenance","cache":"0x3b961dab2a80"}
{"level":"warn","ts":1783515377.3052037,"logger":"http.auto_https","msg":"server is listening only on the HTTP port, so no automatic HTTPS will be applied to this server","server_name":"srv1","http_port":80}
{"level":"warn","ts":1783515377.3175063,"logger":"http","msg":"HTTP/2 skipped because it requires TLS","network":"tcp","addr":":80"}
{"level":"warn","ts":1783515377.3176293,"logger":"http","msg":"HTTP/3 skipped because it requires TLS","network":"tcp","addr":":80"}
{"level":"info","ts":1783515377.3176408,"logger":"http.log","msg":"server running","name":"srv1","protocols":["h1","h2","h3"]}
{"level":"warn","ts":1783515377.3177135,"logger":"http","msg":"HTTP/2 skipped because it requires TLS","network":"tcp","addr":":2019"}
{"level":"warn","ts":1783515377.317719,"logger":"http","msg":"HTTP/3 skipped because it requires TLS","network":"tcp","addr":":2019"}
{"level":"info","ts":1783515377.3177216,"logger":"http.log","msg":"server running","name":"srv0","protocols":["h1","h2","h3"]}
{"level":"info","ts":1783515377.3177497,"msg":"serving initial configuration"}
{"level":"info","ts":1783515377.3190649,"logger":"tls","msg":"storage cleaning happened too recently; skipping for now","storage":"FileStorage:/appsmith-stacks/data/caddy","instance":"42ad36ff-dcd3-4af4-9e42-0bcab14e8a3c","try_again":1783601777.3190613,"try_again_in":86399.999999585}
{"level":"info","ts":1783515377.3194432,"logger":"tls","msg":"finished cleaning storage units"}
{"level":"info","ts":1783527348.303906,"msg":"quitting process immediately","signal":"SIGQUIT"}
